<?xml version="1.0" ?>
<system version="1.0">
<context>
<info command="meminfo_attachment">MemTotal:        1976036 kB
MemFree:          590948 kB
Buffers:          100976 kB
Cached:           465660 kB
SwapCached:         1584 kB
Active:           728020 kB
Inactive:         411460 kB
Active(anon):     576696 kB
Inactive(anon):   197988 kB
Active(file):     151324 kB
Inactive(file):   213472 kB
Unevictable:           4 kB
Mlocked:               4 kB
SwapTotal:       2019324 kB
SwapFree:        1996628 kB
Dirty:               128 kB
Writeback:             0 kB
AnonPages:        571364 kB
Mapped:            90740 kB
Shmem:            201832 kB
Slab:             172192 kB
SReclaimable:     144856 kB
SUnreclaim:        27336 kB
KernelStack:        3424 kB
PageTables:        25632 kB
NFS_Unstable:          0 kB
Bounce:                0 kB
WritebackTmp:          0 kB
CommitLimit:     3007340 kB
Committed_AS:    3280812 kB
VmallocTotal:   34359738367 kB
VmallocUsed:      351392 kB
VmallocChunk:   34359371112 kB
HardwareCorrupted:     0 kB
AnonHugePages:         0 kB
HugePages_Total:       0
HugePages_Free:        0
HugePages_Rsvd:        0
HugePages_Surp:        0
Hugepagesize:       2048 kB
DirectMap4k:       69632 kB
DirectMap2M:     1955840 kB
</info>
</context>
</system>
